CREATE EXTENSION mgist_mobilitydb CASCADE;
NOTICE:  installing required extension "mobilitydb"
NOTICE:  installing required extension "postgis"
NOTICE:  installing required extension "mgist"
